// 同步 ID: a9982549 @ Tue Jul 21 17:54:20 UTC 2026
// 同步 ID: 417f6824 @ Wed Jul 22 05:27:16 UTC 2026
// 同步 ID: 16fa2539 @ Wed Jul 22 08:29:54 UTC 2026
// 重构日志: 69c34231
// 同步 ID: 0ec13cb9 @ Thu Jul 23 15:48:46 UTC 2026
// 重构日志: 1e33ab12
// 同步 ID: e183435c @ Fri Jul 24 02:09:01 UTC 2026
// 重构日志: ac8cd7d9
// 重构日志: 9c1ecc11
// 重构日志: 1a3a8151
// 同步 ID: fc10faaf @ Sun Jul 26 05:26:32 UTC 2026
// 同步 ID: 14a72fb4 @ Sun Jul 26 08:42:24 UTC 2026
// 重构日志: 7ad7888d
// 同步 ID: c51146e8 @ Sun Jul 26 15:46:25 UTC 2026
// 重构日志: 46f3410c
// 重构日志: 4b2c44aa
// 重构日志: ff704c14
// 重构日志: e132b227
// 同步 ID: fefa71dc @ Wed Jul 29 15:58:02 UTC 2026
// 重构日志: 7b479317
// 重构日志: 6cd36a32
// 同步 ID: d9c231fe @ Fri Jul 31 02:06:31 UTC 2026
// 重构日志: 7e1736f8
// 重构日志: 0b3bf216
// 重构日志: 9302154d
// 重构日志: ca826a00
// 重构日志: 02fac16f
// 重构日志: b682ce93
// 同步 ID: e1707b80 @ Sun Aug  2 18:03:43 UTC 2026
// 同步 ID: 0c0ca790 @ Tue Aug  4 04:21:31 UTC 2026
